2025-12-21 03:10:00 | INFO     | Manually set columns for training: ['잔액_리볼빙일시불이월_B0M', '월중평잔_RV일시불', '평잔_RV일시불_3M', '이용금액_신용_B0M', '잔액_신판평균한도소진율_r6m', '카드이용한도금액', 'RV_최대잔액_R12M', '잔액_B0M']
2025-12-21 03:10:00 | INFO     | ================================================================================
2025-12-21 03:10:00 | INFO     | STEP 1: LOADING DATA
2025-12-21 03:10:00 | INFO     | ================================================================================
2025-12-21 03:10:00 | INFO     | Loading training data from: artifacts/train_data.csv
2025-12-21 03:10:01 | INFO     | Loading testing data from: artifacts/test_data.csv
2025-12-21 03:10:02 | INFO     | Using user-provided columns for training: ['잔액_리볼빙일시불이월_B0M', '월중평잔_RV일시불', '평잔_RV일시불_3M', '이용금액_신용_B0M', '잔액_신판평균한도소진율_r6m', '카드이용한도금액', 'RV_최대잔액_R12M', '잔액_B0M']
2025-12-21 03:10:02 | INFO     | Training set shape: (83403, 8)
2025-12-21 03:10:02 | INFO     | Testing set shape: (83403, 8)
2025-12-21 03:10:02 | INFO     | Total features: 8
2025-12-21 03:10:02 | INFO     | ================================================================================
2025-12-21 03:10:02 | INFO     | STEP 2: PREPROCESSING DATA
2025-12-21 03:10:02 | INFO     | ================================================================================
2025-12-21 03:10:02 | INFO     | Checking for missing values...
2025-12-21 03:10:02 | INFO     | No missing values found in the data
2025-12-21 03:10:02 | INFO     | Data scaled using StandardScaler
2025-12-21 03:10:02 | INFO     | Final training shape: (83403, 8)
2025-12-21 03:10:02 | INFO     | Final test shape: (83403, 8)
2025-12-21 03:10:02 | INFO     | ================================================================================
2025-12-21 03:10:02 | INFO     | STEP 3: FEATURE SELECTION
2025-12-21 03:10:02 | INFO     | ================================================================================
2025-12-21 03:10:02 | INFO     | Feature selection skipped - using all 8 features
2025-12-21 03:10:02 | INFO     | ================================================================================
2025-12-21 03:10:02 | INFO     | STEP 4: GRID SEARCH WITH TRACKING
2025-12-21 03:10:02 | INFO     | ================================================================================
2025-12-21 03:10:02 | INFO     | Total parameter combinations to test: 24
2025-12-21 03:10:02 | INFO     | 
============================================================
2025-12-21 03:10:02 | INFO     | Grid Search for RANDOM_FOREST
2025-12-21 03:10:02 | INFO     | ============================================================
2025-12-21 03:11:31 | INFO     | Logged run random_forest_0_9405eba0: random_forest with 8 features
2025-12-21 03:11:31 | INFO     | ✓ Run random_forest_0_9405eba0 completed | CV Score: -170845.6367 ± 997.3046
2025-12-21 03:16:45 | INFO     | Logged run random_forest_1_9a5c5d2a: random_forest with 8 features
2025-12-21 03:16:45 | INFO     | ✓ Run random_forest_1_9a5c5d2a completed | CV Score: -170817.4071 ± 1009.1946
2025-12-21 03:18:52 | INFO     | Logged run random_forest_2_941e768d: random_forest with 8 features
2025-12-21 03:18:52 | INFO     | ✓ Run random_forest_2_941e768d completed | CV Score: -170853.1162 ± 999.1807
2025-12-21 03:23:14 | INFO     | Logged run random_forest_3_1ac37738: random_forest with 8 features
2025-12-21 03:23:14 | INFO     | ✓ Run random_forest_3_1ac37738 completed | CV Score: -170828.6078 ± 1010.7746
2025-12-21 03:26:42 | INFO     | Logged run random_forest_4_98e70979: random_forest with 8 features
2025-12-21 03:26:42 | INFO     | ✓ Run random_forest_4_98e70979 completed | CV Score: -170786.4846 ± 998.3285
2025-12-21 03:33:27 | INFO     | Logged run random_forest_5_b846fd79: random_forest with 8 features
2025-12-21 03:33:27 | INFO     | ✓ Run random_forest_5_b846fd79 completed | CV Score: -170777.5182 ± 1024.3837
2025-12-21 03:36:57 | INFO     | Logged run random_forest_6_48e8aea8: random_forest with 8 features
2025-12-21 03:36:57 | INFO     | ✓ Run random_forest_6_48e8aea8 completed | CV Score: -170791.0961 ± 1000.3441
2025-12-21 03:43:38 | INFO     | Logged run random_forest_7_f01761af: random_forest with 8 features
2025-12-21 03:43:38 | INFO     | ✓ Run random_forest_7_f01761af completed | CV Score: -170779.9778 ± 1025.3483
2025-12-21 03:46:36 | INFO     | Logged run random_forest_8_eb9519e7: random_forest with 8 features
2025-12-21 03:46:36 | INFO     | ✓ Run random_forest_8_eb9519e7 completed | CV Score: -172126.6794 ± 774.0282
2025-12-21 03:54:33 | INFO     | Logged run random_forest_9_1d8c1135: random_forest with 8 features
2025-12-21 03:54:33 | INFO     | ✓ Run random_forest_9_1d8c1135 completed | CV Score: -171993.1710 ± 786.1723
2025-12-21 03:58:24 | INFO     | Logged run random_forest_10_a4b3f381: random_forest with 8 features
2025-12-21 03:58:24 | INFO     | ✓ Run random_forest_10_a4b3f381 completed | CV Score: -171507.5347 ± 792.5549
2025-12-21 04:05:45 | INFO     | Logged run random_forest_11_23613e7e: random_forest with 8 features
2025-12-21 04:05:45 | INFO     | ✓ Run random_forest_11_23613e7e completed | CV Score: -171417.7425 ± 802.3712
2025-12-21 04:09:46 | INFO     | Logged run random_forest_12_802a326a: random_forest with 8 features
2025-12-21 04:09:46 | INFO     | ✓ Run random_forest_12_802a326a completed | CV Score: -171490.6774 ± 854.4241
2025-12-21 04:17:18 | INFO     | Logged run random_forest_13_e77508be: random_forest with 8 features
2025-12-21 04:17:18 | INFO     | ✓ Run random_forest_13_e77508be completed | CV Score: -171442.8783 ± 871.0444
2025-12-21 04:20:54 | INFO     | Logged run random_forest_14_b508b76f: random_forest with 8 features
2025-12-21 04:20:54 | INFO     | ✓ Run random_forest_14_b508b76f completed | CV Score: -171314.0537 ± 876.5481
2025-12-21 04:28:03 | INFO     | Logged run random_forest_15_a708407e: random_forest with 8 features
2025-12-21 04:28:03 | INFO     | ✓ Run random_forest_15_a708407e completed | CV Score: -171263.8245 ± 894.4689
2025-12-21 04:32:13 | INFO     | Logged run random_forest_16_50f347f2: random_forest with 8 features
2025-12-21 04:32:13 | INFO     | ✓ Run random_forest_16_50f347f2 completed | CV Score: -172290.6151 ± 777.9741
2025-12-21 04:40:01 | INFO     | Logged run random_forest_17_919939a9: random_forest with 8 features
2025-12-21 04:40:01 | INFO     | ✓ Run random_forest_17_919939a9 completed | CV Score: -172140.0439 ± 777.3578
2025-12-21 04:43:50 | INFO     | Logged run random_forest_18_ebba2707: random_forest with 8 features
2025-12-21 04:43:50 | INFO     | ✓ Run random_forest_18_ebba2707 completed | CV Score: -171559.0292 ± 793.8604
2025-12-21 04:51:14 | INFO     | Logged run random_forest_19_b8c16c83: random_forest with 8 features
2025-12-21 04:51:14 | INFO     | ✓ Run random_forest_19_b8c16c83 completed | CV Score: -171466.7813 ± 803.2021
2025-12-21 04:54:52 | INFO     | Logged run random_forest_20_5ae063de: random_forest with 8 features
2025-12-21 04:54:52 | INFO     | ✓ Run random_forest_20_5ae063de completed | CV Score: -171522.3096 ± 849.2822
2025-12-21 05:01:53 | INFO     | Logged run random_forest_21_c3a11d1b: random_forest with 8 features
2025-12-21 05:01:53 | INFO     | ✓ Run random_forest_21_c3a11d1b completed | CV Score: -171470.9848 ± 864.4586
2025-12-21 05:05:32 | INFO     | Logged run random_forest_22_019e7191: random_forest with 8 features
2025-12-21 05:05:32 | INFO     | ✓ Run random_forest_22_019e7191 completed | CV Score: -171333.2259 ± 873.8867
2025-12-21 05:12:38 | INFO     | Logged run random_forest_23_81b077c4: random_forest with 8 features
2025-12-21 05:12:38 | INFO     | ✓ Run random_forest_23_81b077c4 completed | CV Score: -171280.3555 ± 890.2633
2025-12-21 05:12:38 | INFO     | ================================================================================
2025-12-21 05:12:38 | INFO     | STEP 5: GENERATING VISUALIZATIONS
2025-12-21 05:12:38 | INFO     | ================================================================================
2025-12-21 05:12:40 | INFO     | Saved metrics_comparison.png
2025-12-21 05:12:41 | INFO     | Saved model_comparison.png
2025-12-21 05:12:42 | INFO     | Saved training_time_vs_performance.png
2025-12-21 05:12:43 | INFO     | Saved feature_usage_heatmap.png
2025-12-21 05:12:43 | INFO     | Saved cv_scores_distribution.png
2025-12-21 05:12:45 | INFO     | Saved runs_summary_table.png
2025-12-21 05:12:45 | INFO     | Visualizations generated successfully
2025-12-21 05:12:45 | INFO     | ================================================================================
2025-12-21 05:12:45 | INFO     | STEP 6: SAVING LOGS AND REPORTS
2025-12-21 05:12:45 | INFO     | ================================================================================
2025-12-21 05:12:45 | INFO     | Saved runs log to analysis_enhanced\grid_search_logs\grid_search_runs.csv and analysis_enhanced\grid_search_logs\grid_search_runs.json
2025-12-21 05:12:45 | INFO     | Saved feature matrix to analysis_enhanced\grid_search_logs\feature_matrix.csv
2025-12-21 05:12:45 | INFO     | Saved best run to analysis_enhanced\grid_search_logs\best_run.json
2025-12-21 05:12:45 | INFO     | Saved summary report to analysis_enhanced\grid_search_logs\summary_report.txt
2025-12-21 05:12:45 | INFO     | ================================================================================
2025-12-21 05:12:45 | INFO     | PIPELINE COMPLETED SUCCESSFULLY!
2025-12-21 05:12:45 | INFO     | ================================================================================
2025-12-21 05:12:45 | INFO     | Output directory: analysis_enhanced
2025-12-21 05:12:45 | INFO     | Grid search logs: analysis_enhanced\grid_search_logs
2025-12-21 05:12:45 | INFO     | Visualizations: analysis_enhanced\visualizations
